// Jest Snapshot v1, https://goo.gl/fbAQLP

exports[`ConfirmPersonalUserPhoneScreenComponent check snapshot 1`] = `
<epgu-constructor-confirm-personal-user-phone-screen
  componentStateService={[Function ComponentStateService]}
  data={[Function Object]}
  nextStepEvent={[Function EventEmitter_]}
>
  <epgu-constructor-confirm-personal-user-screen-layout>
    <div
      class="body"
    >
      <epgu-constructor-confirm-personal-user-phone />
    </div>
    <div
      class="footer"
    >
      
    </div>
  </epgu-constructor-confirm-personal-user-screen-layout>
</epgu-constructor-confirm-personal-user-phone-screen>
`;
